2026-09-07T18:32:24.055+09:00  INFO 10556 --- [backend] [restartedMain] com.example.backend.BackendApplication   : Starting BackendApplication using Java 17.0.20.1 with PID 10556 (C:\work\development\goal-go-13th\backend\bin\main started by takf0 in C:\work\development\goal-go-13th)
2026-09-07T18:32:24.056+09:00  INFO 10556 --- [backend] [restartedMain] com.example.backend.BackendApplication   : No active profile set, falling back to 1 default profile: "default"
2026-09-07T18:32:24.329+09:00  INFO 10556 --- [backend] [restartedMain] .s.d.r.c.RepositoryConfigurationDelegate : Bootstrapping Spring Data JPA repositories in DEFAULT mode.
2026-09-07T18:32:24.354+09:00  INFO 10556 --- [backend] [restartedMain] .s.d.r.c.RepositoryConfigurationDelegate : Finished Spring Data repository scanning in 21 ms. Found 4 JPA repository interfaces.
2026-09-07T18:32:24.440+09:00  INFO 10556 --- [backend] [restartedMain] o.s.boot.tomcat.TomcatWebServer          : Tomcat initialized with port 8080 (http)
2026-09-07T18:32:24.441+09:00  INFO 10556 --- [backend] [restartedMain] o.apache.catalina.core.StandardService   : Starting service [Tomcat]
2026-09-07T18:32:24.441+09:00  INFO 10556 --- [backend] [restartedMain] o.apache.catalina.core.StandardEngine    : Starting Servlet engine: [Apache Tomcat/11.0.24]
2026-09-07T18:32:24.486+09:00  INFO 10556 --- [backend] [restartedMain] b.w.c.s.WebApplicationContextInitializer : Root WebApplicationContext: initialization completed in 426 ms
2026-09-07T18:32:24.517+09:00  INFO 10556 --- [backend] [restartedMain] org.hibernate.orm.jpa                    : HHH008540: Processing PersistenceUnitInfo [name: default]
2026-09-07T18:32:24.636+09:00  INFO 10556 --- [backend] [restartedMain] o.s.o.j.p.SpringPersistenceUnitInfo      : No LoadTimeWeaver setup: ignoring JPA class transformer
2026-09-07T18:32:24.638+09:00  INFO 10556 --- [backend] [restartedMain] com.zaxxer.hikari.HikariDataSource       : HikariPool-200 - Starting...
2026-09-07T18:32:24.661+09:00  INFO 10556 --- [backend] [restartedMain] com.zaxxer.hikari.pool.HikariPool        : HikariPool-200 - Added connection com.mysql.cj.jdbc.ConnectionImpl@62c4b0e9
2026-09-07T18:32:24.661+09:00  INFO 10556 --- [backend] [restartedMain] com.zaxxer.hikari.HikariDataSource       : HikariPool-200 - Start completed.
2026-09-07T18:32:24.664+09:00  INFO 10556 --- [backend] [restartedMain] org.hibernate.orm.connections.pooling    : HHH10001005: Database info:
	Database JDBC URL [jdbc:mysql://localhost:3306/goal_app]
	Database driver: MySQL Connector/J
	Database dialect: MySQLDialect
	Database version: 8.0.46
	Default catalog/schema: goal_app/undefined
	Autocommit mode: undefined/unknown
	Isolation level: REPEATABLE_READ [default REPEATABLE_READ]
	JDBC fetch size: none
	Pool: DataSourceConnectionProvider
	Minimum pool size: undefined/unknown
	Maximum pool size: undefined/unknown
2026-09-07T18:32:24.802+09:00  INFO 10556 --- [backend] [restartedMain] org.hibernate.orm.core                   : HHH000489: No JTA platform available (set 'hibernate.transaction.jta.platform' to enable JTA platform integration)
2026-09-07T18:32:24.834+09:00  INFO 10556 --- [backend] [restartedMain] j.LocalContainerEntityManagerFactoryBean : Initialized JPA EntityManagerFactory for persistence unit 'default'
2026-09-07T18:32:25.032+09:00  WARN 10556 --- [backend] [restartedMain] JpaBaseConfiguration$JpaWebConfiguration : spring.jpa.open-in-view is enabled by default. Therefore, database queries may be performed during view rendering. Explicitly configure spring.jpa.open-in-view to disable this warning
2026-09-07T18:32:25.152+09:00  INFO 10556 --- [backend] [restartedMain] o.s.boot.tomcat.TomcatWebServer          : Tomcat started on port 8080 (http) with context path '/'
2026-09-07T18:32:25.155+09:00  INFO 10556 --- [backend] [restartedMain] com.example.backend.BackendApplication   : Started BackendApplication in 1.143 seconds (process running for 5919.313)
2026-09-07T18:32:25.157+09:00  INFO 10556 --- [backend] [restartedMain] .ConditionEvaluationDeltaLoggingListener : Condition evaluation unchanged
2026-09-07T18:36:45.327+09:00  INFO 10556 --- [backend] [http-nio-8080-exec-1] o.a.c.c.C.[Tomcat-25].[localhost].[/]    : Initializing Spring DispatcherServlet 'dispatcherServlet'
2026-09-07T18:36:45.328+09:00  INFO 10556 --- [backend] [http-nio-8080-exec-1] o.s.web.servlet.DispatcherServlet        : Initializing Servlet 'dispatcherServlet'
2026-09-07T18:36:45.329+09:00  INFO 10556 --- [backend] [http-nio-8080-exec-1] o.s.web.servlet.DispatcherServlet        : Completed initialization in 1 ms
2026-09-07T18:36:45.332+09:00  INFO 10556 --- [backend] [http-nio-8080-exec-1] c.example.backend.service.UserService    : トークンによるユーザー検索を実行します。
2026-09-07T18:36:45.338+09:00 DEBUG 10556 --- [backend] [http-nio-8080-exec-1] org.hibernate.SQL                        : select u1_0.id,u1_0.token,u1_0.username from users u1_0 where u1_0.token=?
2026-09-07T18:36:45.346+09:00 DEBUG 10556 --- [backend] [http-nio-8080-exec-1] org.hibernate.SQL                        : select g1_0.id,g1_0.start_date,g1_0.target_date,g1_0.title,g1_0.user_id from goals g1_0 where g1_0.user_id=?
